Analysis & Synthesis report for identificadorDeCodigoDeBarras
Wed Mar 08 22:30:06 2023
Quartus II 64-Bit Version 13.1.0 Build 162 10/23/2013 SJ Web Edition


---------------------
; Table of Contents ;
---------------------
  1. Legal Notice
  2. Analysis & Synthesis Summary
  3. Analysis & Synthesis Settings
  4. Parallel Compilation
  5. Analysis & Synthesis Source Files Read
  6. Analysis & Synthesis Resource Usage Summary
  7. Analysis & Synthesis Resource Utilization by Entity
  8. General Register Statistics
  9. Analysis & Synthesis Messages
 10. Analysis & Synthesis Suppressed Messages



----------------
; Legal Notice ;
----------------
Copyright (C) 1991-2013 Altera Corporation
Your use of Altera Corporation's design tools, logic functions 
and other software and tools, and its AMPP partner logic 
functions, and any output files from any of the foregoing 
(including device programming or simulation files), and any 
associated documentation or information are expressly subject 
to the terms and conditions of the Altera Program License 
Subscription Agreement, Altera MegaCore Function License 
Agreement, or other applicable license agreement, including, 
without limitation, that your use is for the sole purpose of 
programming logic devices manufactured by Altera and sold by 
Altera or its authorized distributors.  Please refer to the 
applicable agreement for further details.



+--------------------------------------------------------------------------+
; Analysis & Synthesis Summary                                             ;
+-----------------------------+--------------------------------------------+
; Analysis & Synthesis Status ; Successful - Wed Mar 08 22:30:05 2023      ;
; Quartus II 64-Bit Version   ; 13.1.0 Build 162 10/23/2013 SJ Web Edition ;
; Revision Name               ; identificadorDeCodigoDeBarras              ;
; Top-level Entity Name       ; identificadorDeCodigoDeBarras              ;
; Family                      ; MAX II                                     ;
; Total logic elements        ; 51                                         ;
; Total pins                  ; 33                                         ;
; Total virtual pins          ; 0                                          ;
; UFM blocks                  ; 0 / 1 ( 0 % )                              ;
+-----------------------------+--------------------------------------------+


+--------------------------------------------------------------------------------------------------------------------------------------------+
; Analysis & Synthesis Settings                                                                                                              ;
+----------------------------------------------------------------------------+-------------------------------+-------------------------------+
; Option                                                                     ; Setting                       ; Default Value                 ;
+----------------------------------------------------------------------------+-------------------------------+-------------------------------+
; Device                                                                     ; EPM240T100C5                  ;                               ;
; Top-level entity name                                                      ; identificadorDeCodigoDeBarras ; identificadorDeCodigoDeBarras ;
; Family name                                                                ; MAX II                        ; Cyclone IV GX                 ;
; Use smart compilation                                                      ; Off                           ; Off                           ;
; Enable parallel Assembler and TimeQuest Timing Analyzer during compilation ; On                            ; On                            ;
; Enable compact report table                                                ; Off                           ; Off                           ;
; Restructure Multiplexers                                                   ; Auto                          ; Auto                          ;
; Create Debugging Nodes for IP Cores                                        ; Off                           ; Off                           ;
; Preserve fewer node names                                                  ; On                            ; On                            ;
; Disable OpenCore Plus hardware evaluation                                  ; Off                           ; Off                           ;
; Verilog Version                                                            ; Verilog_2001                  ; Verilog_2001                  ;
; VHDL Version                                                               ; VHDL_1993                     ; VHDL_1993                     ;
; State Machine Processing                                                   ; Auto                          ; Auto                          ;
; Safe State Machine                                                         ; Off                           ; Off                           ;
; Extract Verilog State Machines                                             ; On                            ; On                            ;
; Extract VHDL State Machines                                                ; On                            ; On                            ;
; Ignore Verilog initial constructs                                          ; Off                           ; Off                           ;
; Iteration limit for constant Verilog loops                                 ; 5000                          ; 5000                          ;
; Iteration limit for non-constant Verilog loops                             ; 250                           ; 250                           ;
; Add Pass-Through Logic to Inferred RAMs                                    ; On                            ; On                            ;
; Infer RAMs from Raw Logic                                                  ; On                            ; On                            ;
; Parallel Synthesis                                                         ; On                            ; On                            ;
; NOT Gate Push-Back                                                         ; On                            ; On                            ;
; Power-Up Don't Care                                                        ; On                            ; On                            ;
; Remove Redundant Logic Cells                                               ; Off                           ; Off                           ;
; Remove Duplicate Registers                                                 ; On                            ; On                            ;
; Ignore CARRY Buffers                                                       ; Off                           ; Off                           ;
; Ignore CASCADE Buffers                                                     ; Off                           ; Off                           ;
; Ignore GLOBAL Buffers                                                      ; Off                           ; Off                           ;
; Ignore ROW GLOBAL Buffers                                                  ; Off                           ; Off                           ;
; Ignore LCELL Buffers                                                       ; Off                           ; Off                           ;
; Ignore SOFT Buffers                                                        ; On                            ; On                            ;
; Limit AHDL Integers to 32 Bits                                             ; Off                           ; Off                           ;
; Optimization Technique                                                     ; Balanced                      ; Balanced                      ;
; Carry Chain Length                                                         ; 70                            ; 70                            ;
; Auto Carry Chains                                                          ; On                            ; On                            ;
; Auto Open-Drain Pins                                                       ; On                            ; On                            ;
; Perform WYSIWYG Primitive Resynthesis                                      ; Off                           ; Off                           ;
; Auto Shift Register Replacement                                            ; Auto                          ; Auto                          ;
; Allow Shift Register Merging across Hierarchies                            ; Auto                          ; Auto                          ;
; Auto Clock Enable Replacement                                              ; On                            ; On                            ;
; Allow Synchronous Control Signals                                          ; On                            ; On                            ;
; Force Use of Synchronous Clear Signals                                     ; Off                           ; Off                           ;
; Auto Resource Sharing                                                      ; Off                           ; Off                           ;
; Use LogicLock Constraints during Resource Balancing                        ; On                            ; On                            ;
; Ignore translate_off and synthesis_off directives                          ; Off                           ; Off                           ;
; Report Parameter Settings                                                  ; On                            ; On                            ;
; Report Source Assignments                                                  ; On                            ; On                            ;
; Report Connectivity Checks                                                 ; On                            ; On                            ;
; Ignore Maximum Fan-Out Assignments                                         ; Off                           ; Off                           ;
; Synchronization Register Chain Length                                      ; 2                             ; 2                             ;
; PowerPlay Power Optimization                                               ; Normal compilation            ; Normal compilation            ;
; HDL message level                                                          ; Level2                        ; Level2                        ;
; Suppress Register Optimization Related Messages                            ; Off                           ; Off                           ;
; Number of Removed Registers Reported in Synthesis Report                   ; 5000                          ; 5000                          ;
; Number of Swept Nodes Reported in Synthesis Report                         ; 5000                          ; 5000                          ;
; Number of Inverted Registers Reported in Synthesis Report                  ; 100                           ; 100                           ;
; Clock MUX Protection                                                       ; On                            ; On                            ;
; Block Design Naming                                                        ; Auto                          ; Auto                          ;
; Synthesis Effort                                                           ; Auto                          ; Auto                          ;
; Shift Register Replacement - Allow Asynchronous Clear Signal               ; On                            ; On                            ;
; Pre-Mapping Resynthesis Optimization                                       ; Off                           ; Off                           ;
; Analysis & Synthesis Message Level                                         ; Medium                        ; Medium                        ;
; Disable Register Merging Across Hierarchies                                ; Auto                          ; Auto                          ;
; Synthesis Seed                                                             ; 1                             ; 1                             ;
+----------------------------------------------------------------------------+-------------------------------+-------------------------------+


+------------------------------------------+
; Parallel Compilation                     ;
+----------------------------+-------------+
; Processors                 ; Number      ;
+----------------------------+-------------+
; Number detected on machine ; 8           ;
; Maximum allowed            ; 4           ;
;                            ;             ;
; Average used               ; 1.00        ;
; Maximum used               ; 1           ;
;                            ;             ;
; Usage by Processor         ; % Time Used ;
;     Processor 1            ; 100.0%      ;
;     Processors 2-8         ;   0.0%      ;
+----------------------------+-------------+


+-----------------------------------------------------------------------------------------------------------------------------------------------------------------------------------------------------------------------------------------------+
; Analysis & Synthesis Source Files Read                                                                                                                                                                                                        ;
+-------------------------------------------+-----------------+------------------------+----------------------------------------------------------------------------------------------------------------------------------------------+---------+
; File Name with User-Entered Path          ; Used in Netlist ; File Type              ; File Name with Absolute Path                                                                                                                 ; Library ;
+-------------------------------------------+-----------------+------------------------+----------------------------------------------------------------------------------------------------------------------------------------------+---------+
; ../code2outof5To7seg/cod2outof5_to_7seg.v ; yes             ; User Verilog HDL File  ; C:/Users/douge/Desktop/UEFS/SEMESTRE_3/MI_Circuitos_Digitais/Problema_I_GitHub/code2outof5To7seg/cod2outof5_to_7seg.v                        ;         ;
; ../matrizDeLeds/matrizDeLeds.v            ; yes             ; User Verilog HDL File  ; C:/Users/douge/Desktop/UEFS/SEMESTRE_3/MI_Circuitos_Digitais/Problema_I_GitHub/matrizDeLeds/matrizDeLeds.v                                   ;         ;
; identificadorDeCodigoDeBarras.v           ; yes             ; User Verilog HDL File  ; C:/Users/douge/Desktop/UEFS/SEMESTRE_3/MI_Circuitos_Digitais/Problema_I_GitHub/identificadorDeCodigoDeBarras/identificadorDeCodigoDeBarras.v ;         ;
+-------------------------------------------+-----------------+------------------------+----------------------------------------------------------------------------------------------------------------------------------------------+---------+


+-----------------------------------------------------+
; Analysis & Synthesis Resource Usage Summary         ;
+---------------------------------------------+-------+
; Resource                                    ; Usage ;
+---------------------------------------------+-------+
; Total logic elements                        ; 51    ;
;     -- Combinational with no register       ; 51    ;
;     -- Register only                        ; 0     ;
;     -- Combinational with a register        ; 0     ;
;                                             ;       ;
; Logic element usage by number of LUT inputs ;       ;
;     -- 4 input functions                    ; 28    ;
;     -- 3 input functions                    ; 13    ;
;     -- 2 input functions                    ; 10    ;
;     -- 1 input functions                    ; 0     ;
;     -- 0 input functions                    ; 0     ;
;                                             ;       ;
; Logic elements by mode                      ;       ;
;     -- normal mode                          ; 51    ;
;     -- arithmetic mode                      ; 0     ;
;     -- qfbk mode                            ; 0     ;
;     -- register cascade mode                ; 0     ;
;     -- synchronous clear/load mode          ; 0     ;
;     -- asynchronous clear/load mode         ; 0     ;
;                                             ;       ;
; Total registers                             ; 0     ;
; I/O pins                                    ; 33    ;
; Maximum fan-out node                        ; E2    ;
; Maximum fan-out                             ; 17    ;
; Total fan-out                               ; 193   ;
; Average fan-out                             ; 2.30  ;
+---------------------------------------------+-------+


+--------------------------------------------------------------------------------------------------------------------------------------------------------------------------------------------------------------------------------------------------------------+
; Analysis & Synthesis Resource Utilization by Entity                                                                                                                                                                                                          ;
+--------------------------------+-------------+--------------+------------+------+--------------+--------------+-------------------+------------------+-----------------+------------+---------------------------------------------------------+--------------+
; Compilation Hierarchy Node     ; Logic Cells ; LC Registers ; UFM Blocks ; Pins ; Virtual Pins ; LUT-Only LCs ; Register-Only LCs ; LUT/Register LCs ; Carry Chain LCs ; Packed LCs ; Full Hierarchy Name                                     ; Library Name ;
+--------------------------------+-------------+--------------+------------+------+--------------+--------------+-------------------+------------------+-----------------+------------+---------------------------------------------------------+--------------+
; |identificadorDeCodigoDeBarras ; 51 (0)      ; 0            ; 0          ; 33   ; 0            ; 51 (0)       ; 0 (0)             ; 0 (0)            ; 0 (0)           ; 0 (0)      ; |identificadorDeCodigoDeBarras                          ; work         ;
;    |cod2outof5_to_7seg:inst2|  ; 39 (39)     ; 0            ; 0          ; 0    ; 0            ; 39 (39)      ; 0 (0)             ; 0 (0)            ; 0 (0)           ; 0 (0)      ; |identificadorDeCodigoDeBarras|cod2outof5_to_7seg:inst2 ; work         ;
;    |matrizDeLeds:inst1|        ; 12 (12)     ; 0            ; 0          ; 0    ; 0            ; 12 (12)      ; 0 (0)             ; 0 (0)            ; 0 (0)           ; 0 (0)      ; |identificadorDeCodigoDeBarras|matrizDeLeds:inst1       ; work         ;
+--------------------------------+-------------+--------------+------------+------+--------------+--------------+-------------------+------------------+-----------------+------------+---------------------------------------------------------+--------------+
Note: For table entries with two numbers listed, the numbers in parentheses indicate the number of resources of the given type used by the specific entity alone. The numbers listed outside of parentheses indicate the total resources of the given type used by the specific entity and all of its sub-entities in the hierarchy.


+------------------------------------------------------+
; General Register Statistics                          ;
+----------------------------------------------+-------+
; Statistic                                    ; Value ;
+----------------------------------------------+-------+
; Total registers                              ; 0     ;
; Number of registers using Synchronous Clear  ; 0     ;
; Number of registers using Synchronous Load   ; 0     ;
; Number of registers using Asynchronous Clear ; 0     ;
; Number of registers using Asynchronous Load  ; 0     ;
; Number of registers using Clock Enable       ; 0     ;
; Number of registers using Preset             ; 0     ;
+----------------------------------------------+-------+


+-------------------------------+
; Analysis & Synthesis Messages ;
+-------------------------------+
Info: *******************************************************************
Info: Running Quartus II 64-Bit Analysis & Synthesis
    Info: Version 13.1.0 Build 162 10/23/2013 SJ Web Edition
    Info: Processing started: Wed Mar 08 22:30:04 2023
Info: Command: quartus_map --read_settings_files=on --write_settings_files=off identificadorDeCodigoDeBarras -c identificadorDeCodigoDeBarras
Info (11104): Parallel Compilation has detected 8 hyper-threaded processors. However, the extra hyper-threaded processors will not be used by default. Parallel Compilation will use 4 of the 4 physical processors detected instead.
Info (12021): Found 1 design units, including 1 entities, in source file /users/douge/desktop/uefs/semestre_3/mi_circuitos_digitais/problema_i_github/code2outof5to7seg/cod2outof5_to_7seg.v
    Info (12023): Found entity 1: cod2outof5_to_7seg
Info (12021): Found 1 design units, including 1 entities, in source file /users/douge/desktop/uefs/semestre_3/mi_circuitos_digitais/problema_i_github/matrizdeleds/matrizdeleds.v
    Info (12023): Found entity 1: matrizDeLeds
Info (12021): Found 1 design units, including 1 entities, in source file identificadordecodigodebarras.v
    Info (12023): Found entity 1: identificadorDeCodigoDeBarras
Warning (10236): Verilog HDL Implicit Net warning at cod2outof5_to_7seg.v(37): created implicit net for "w00"
Warning (10236): Verilog HDL Implicit Net warning at cod2outof5_to_7seg.v(38): created implicit net for "w01"
Warning (10236): Verilog HDL Implicit Net warning at cod2outof5_to_7seg.v(39): created implicit net for "w02"
Warning (10236): Verilog HDL Implicit Net warning at cod2outof5_to_7seg.v(40): created implicit net for "w03"
Warning (10236): Verilog HDL Implicit Net warning at cod2outof5_to_7seg.v(41): created implicit net for "w04"
Warning (10236): Verilog HDL Implicit Net warning at cod2outof5_to_7seg.v(42): created implicit net for "w05"
Warning (10236): Verilog HDL Implicit Net warning at cod2outof5_to_7seg.v(43): created implicit net for "w06"
Warning (10236): Verilog HDL Implicit Net warning at cod2outof5_to_7seg.v(44): created implicit net for "w07"
Warning (10236): Verilog HDL Implicit Net warning at cod2outof5_to_7seg.v(45): created implicit net for "w08"
Warning (10236): Verilog HDL Implicit Net warning at cod2outof5_to_7seg.v(46): created implicit net for "w09"
Info (12127): Elaborating entity "identificadorDeCodigoDeBarras" for the top level hierarchy
Info (12128): Elaborating entity "matrizDeLeds" for hierarchy "matrizDeLeds:inst1"
Info (12128): Elaborating entity "cod2outof5_to_7seg" for hierarchy "cod2outof5_to_7seg:inst2"
Info (13014): Ignored 2 buffer(s)
    Info (13019): Ignored 2 SOFT buffer(s)
Warning (13024): Output pins are stuck at VCC or GND
    Warning (13410): Pin "dig1seg" is stuck at VCC
    Warning (13410): Pin "dig2seg" is stuck at VCC
    Warning (13410): Pin "dig3seg" is stuck at VCC
Info (21057): Implemented 84 device resources after synthesis - the final resource count might be different
    Info (21058): Implemented 8 input pins
    Info (21059): Implemented 25 output pins
    Info (21061): Implemented 51 logic cells
Info (144001): Generated suppressed messages file C:/Users/douge/Desktop/UEFS/SEMESTRE_3/MI_Circuitos_Digitais/Problema_I_GitHub/identificadorDeCodigoDeBarras/output_files/identificadorDeCodigoDeBarras.map.smsg
Info: Quartus II 64-Bit Analysis & Synthesis was successful. 0 errors, 14 warnings
    Info: Peak virtual memory: 4606 megabytes
    Info: Processing ended: Wed Mar 08 22:30:06 2023
    Info: Elapsed time: 00:00:02
    Info: Total CPU time (on all processors): 00:00:01


+------------------------------------------+
; Analysis & Synthesis Suppressed Messages ;
+------------------------------------------+
The suppressed messages can be found in C:/Users/douge/Desktop/UEFS/SEMESTRE_3/MI_Circuitos_Digitais/Problema_I_GitHub/identificadorDeCodigoDeBarras/output_files/identificadorDeCodigoDeBarras.map.smsg.


